MSBuild version 17.14.19+164abd434 for .NET Framework

  Checking File Globs
  xleth-editor-host_rc_lib.vcxproj -> C:\Users\Krasen\Desktop\XLETH\build\editor-host\xleth-editor-host_rc_lib.dir\Release\xleth-editor-host_rc_lib.lib
  XlethEngine_rc_lib.vcxproj -> C:\Users\Krasen\Desktop\XLETH\build\engine\XlethEngine_rc_lib.dir\Release\XlethEngine_rc_lib.lib
  Scanning sources for module dependencies...
  Scanning sources for module dependencies...
  Scanning sources for module dependencies...
  Scanning sources for module dependencies...
  XlethEngineModel.vcxproj -> C:\Users\Krasen\Desktop\XLETH\build\engine\Release\XlethEngineModel.lib
  rubberband_static.vcxproj -> C:\Users\Krasen\Desktop\XLETH\build\engine\Release\rubberband_static.lib
  Scanning sources for module dependencies...
  test_undo.vcxproj -> C:\Users\Krasen\Desktop\XLETH\build\engine\Release\test_undo.exe
  xleth-plugin-scanner.vcxproj -> C:\Users\Krasen\Desktop\XLETH\build\Release\xleth-plugin-scanner.exe
  Scanning sources for module dependencies...
  Scanning sources for module dependencies...
  Scanning sources for module dependencies...
  xleth-editor-host.vcxproj -> C:\Users\Krasen\Desktop\XLETH\build\Release\xleth-editor-host.exe
  test_project.vcxproj -> C:\Users\Krasen\Desktop\XLETH\build\engine\Release\test_project.exe
  test_timeline.vcxproj -> C:\Users\Krasen\Desktop\XLETH\build\engine\Release\test_timeline.exe
  MixEngine.cpp
  Compiling...
  MixEngine.cpp
C:\Users\Krasen\Desktop\XLETH\engine\src\audio\MixEngine.cpp(1711,23): warning C4456: declaration of 'slot' hides previous local declaration [C:\Users\Krasen\Desktop\XLETH\build\engine\XlethEngineCore.vcxproj]
      C:\Users\Krasen\Desktop\XLETH\engine\src\audio\MixEngine.cpp(1662,19):
      see declaration of 'slot'
  
  XlethEngineCore.vcxproj -> C:\Users\Krasen\Desktop\XLETH\build\engine\Release\XlethEngineCore.lib
  Scanning sources for module dependencies...
  Scanning sources for module dependencies...
  Scanning sources for module dependencies...
  Scanning sources for module dependencies...
  Scanning sources for module dependencies...
  Scanning sources for module dependencies...
  Scanning sources for module dependencies...
  Scanning sources for module dependencies...
  Scanning sources for module dependencies...
  Scanning sources for module dependencies...
  Scanning sources for module dependencies...
  Scanning sources for module dependencies...
  Main.cpp
  test_real_render.cpp
  test_offline_render.cpp
  test_mix.cpp
  test_render_decoder.vcxproj -> C:\Users\Krasen\Desktop\XLETH\build\engine\Release\test_render_decoder.exe
  test_muxer.vcxproj -> C:\Users\Krasen\Desktop\XLETH\build\engine\Release\test_muxer.exe
  test_hw_detect.vcxproj -> C:\Users\Krasen\Desktop\XLETH\build\engine\Release\test_hw_detect.exe
  test_frame_cache.vcxproj -> C:\Users\Krasen\Desktop\XLETH\build\engine\Release\test_frame_cache.exe
  test_compositor.vcxproj -> C:\Users\Krasen\Desktop\XLETH\build\engine\Release\test_compositor.exe
  Compiling...
  Main.cpp
  Compiling...
  test_mix.cpp
  Compiling...
  Compiling...
  test_real_render.cpp
  test_offline_render.cpp
  test_sampler.vcxproj -> C:\Users\Krasen\Desktop\XLETH\build\engine\Release\test_sampler.exe
  test_frame_collector.vcxproj -> C:\Users\Krasen\Desktop\XLETH\build\engine\Release\test_frame_collector.exe
  test_effects.vcxproj -> C:\Users\Krasen\Desktop\XLETH\build\engine\Release\test_effects.exe
     Creating library C:/Users/Krasen/Desktop/XLETH/build/engine/Release/test_offline_render.lib and object C:/Users/Krasen/Desktop/XLETH/build/engine/Release/test_offline_render.exp
     Creating library C:/Users/Krasen/Desktop/XLETH/build/engine/XlethEngine_artefacts/Release/XlethEngine.lib and object C:/Users/Krasen/Desktop/XLETH/build/engine/XlethEngine_artefacts/Release/XlethEngine.exp
  test_offline_render.vcxproj -> C:\Users\Krasen\Desktop\XLETH\build\engine\Release\test_offline_render.exe
  XlethEngine.vcxproj -> C:\Users\Krasen\Desktop\XLETH\build\engine\XlethEngine_artefacts\Release\XlethEngine.exe
     Creating library C:/Users/Krasen/Desktop/XLETH/build/engine/Release/test_real_render.lib and object C:/Users/Krasen/Desktop/XLETH/build/engine/Release/test_real_render.exp
     Creating library C:/Users/Krasen/Desktop/XLETH/build/engine/Release/test_mix.lib and object C:/Users/Krasen/Desktop/XLETH/build/engine/Release/test_mix.exp
  test_real_render.vcxproj -> C:\Users\Krasen\Desktop\XLETH\build\engine\Release\test_real_render.exe
  test_mix.vcxproj -> C:\Users\Krasen\Desktop\XLETH\build\engine\Release\test_mix.exe
